  1.600000000000000E-003
           2 As_lda.oe04.recpot            
 ncharge   40.0000000000000     
 charge_ave  5.060606180349662E-002
 grid point          46          46          46
  WT coef, alpha=  0.833333333333333     
  WT coef, beta=  0.833333333333333     
  WT coef, ft=   1.66666666666667     
  WT coef, rho0=  5.060606180349662E-002
 Print the G space Wang-Teter KEDF kernels into WT-kernel-G.dat 
 The iteration is            2
 The iteration is            3
 The iteration is            4
 The iteration is            5
 The iteration is            6
 The iteration is            7
 The iteration is            8
 ! the finally chemical potential (mu) is  0.467870989343550     
 !----------------------------------------------------------
 Scf time is    7.71160000000000     
 !----------------------------------------------------------
 Total Energy  -43.3021203977556     
            Total time is =   8.392500000000E+00
 !----------------------------------------------------------
 Thomas-Fermi Kin. Energy =   4.739906468638E+02
 Von-Weisaker Kin. Energy =   6.796316598301E+01
          WT  Kin. Energy =  -4.552531294362E+01
 
      Exchange-cor Energy =  -3.637093038792E+02
           Coulomb Energy =   5.092480114225E+01
           ionele  Energy =   9.988554119818E+01
            Ewald  Energy =  -1.461840139749E+03
 
             Total Energy =  -1.178310601385E+03
 
            Total time is =   8.392500000000E+00
 Total Energy is  -1178.31060138490     
 Sum of energy  -1132.78528844128     
 Volume is   790.419142973821     
 lat1 is   13.9208672565952     
 !----------------------------------------------------------
