  1.600000000000000E-003
           2 As_lda.oe04.recpot            
 ncharge   40.0000000000000     
 charge_ave  5.060606237672944E-002
 grid point          39          39          39
  WT coef, alpha=  0.833333333333333     
  WT coef, beta=  0.833333333333333     
  WT coef, ft=   1.66666666666667     
  WT coef, rho0=  5.060606237672944E-002
 Print the G space Wang-Teter KEDF kernels into WT-kernel-G.dat 
 The iteration is            2
 The iteration is            3
 The iteration is            4
 The iteration is            5
 The iteration is            6
 The iteration is            7
 The iteration is            8
 ! the finally chemical potential (mu) is  0.470283924064607     
 !----------------------------------------------------------
 Scf time is    2.38210000000000     
 !----------------------------------------------------------
 Total Energy  -43.2105643996803     
            Total time is =   2.911900000000E+00
 !----------------------------------------------------------
 Thomas-Fermi Kin. Energy =   4.819384033344E+02
 Von-Weisaker Kin. Energy =   6.356225549702E+01
          WT  Kin. Energy =  -4.254315725888E+01
 
      Exchange-cor Energy =  -3.659152678817E+02
           Coulomb Energy =   1.127265619841E+02
           ionele  Energy =  -3.200314378507E+01
            Ewald  Energy =  -1.393584887906E+03
 
             Total Energy =  -1.175819236016E+03
 
            Total time is =   2.911900000000E+00
 Total Energy is  -1175.81923601615     
 Sum of energy  -1133.27607875727     
 Volume is   790.419134020463     
 lat1 is   11.7380940998403     
 !----------------------------------------------------------
