  1.600000000000000E-003
           2 As_lda.oe04.recpot            
 ncharge   40.0000000000000     
 charge_ave  5.060606320529970E-002
 grid point          33          33          33
  WT coef, alpha=  0.833333333333333     
  WT coef, beta=  0.833333333333333     
  WT coef, ft=   1.66666666666667     
  WT coef, rho0=  5.060606320529970E-002
 Print the G space Wang-Teter KEDF kernels into WT-kernel-G.dat 
 The iteration is            2
 The iteration is            3
 The iteration is            4
 The iteration is            5
 The iteration is            6
 The iteration is            7
 The iteration is            8
 The iteration is            9
 ! the finally chemical potential (mu) is  0.466778700823198     
 !----------------------------------------------------------
 Scf time is    1.48150000000000     
 !----------------------------------------------------------
 Total Energy  -43.1125795690066     
            Total time is =   1.901000000000E+00
 !----------------------------------------------------------
 Thomas-Fermi Kin. Energy =   4.870173606931E+02
 Von-Weisaker Kin. Energy =   6.755749342148E+01
          WT  Kin. Energy =  -4.574413318152E+01
 
      Exchange-cor Energy =  -3.673769461707E+02
           Coulomb Energy =   9.417445161692E+01
           ionele  Energy =  -3.915754641567E+00
            Ewald  Energy =  -1.404865404956E+03
 
             Total Energy =  -1.173152933219E+03
 
            Total time is =   1.901000000000E+00
 Total Energy is  -1173.15293321857     
 Sum of energy  -1127.40880003705     
 Volume is   790.419121078974     
 lat1 is   10.1207485280373     
 !----------------------------------------------------------
