  1.600000000000000E-003
           2 As_lda.oe04.recpot            
 ncharge   40.0000000000000     
 charge_ave  5.060606305454955E-002
 grid point          33          33          37
  WT coef, alpha=  0.833333333333333     
  WT coef, beta=  0.833333333333333     
  WT coef, ft=   1.66666666666667     
  WT coef, rho0=  5.060606305454955E-002
 Print the G space Wang-Teter KEDF kernels into WT-kernel-G.dat 
 The iteration is            2
 The iteration is            3
 The iteration is            4
 The iteration is            5
 The iteration is            6
 The iteration is            7
 The iteration is            8
 ! the finally chemical potential (mu) is  0.465905042173962     
 !----------------------------------------------------------
 Scf time is    3.23630000000000     
 !----------------------------------------------------------
 Total Energy  -43.1735733203564     
            Total time is =   3.716400000000E+00
 !----------------------------------------------------------
 Thomas-Fermi Kin. Energy =   4.848086567507E+02
 Von-Weisaker Kin. Energy =   6.864447078475E+01
          WT  Kin. Energy =  -4.706688169058E+01
 
      Exchange-cor Energy =  -3.668719532047E+02
           Coulomb Energy =   8.496503467598E+01
           ionele  Energy =   1.768475988876E+01
            Ewald  Energy =  -1.416976744778E+03
 
             Total Energy =  -1.174812657573E+03
 
            Total time is =   3.716400000000E+00
 Total Energy is  -1174.81265757325     
 Sum of energy  -1127.74577588267     
 Volume is   790.419123433550     
 lat1 is   10.0685464418095     
 !----------------------------------------------------------
